unknownFormat: uses an unknown format type (current: "unknownFormat")