unknownFormat: uses an unknown format type (actual: "unknownFormat")